###############################################################################
#
# IAR ELF Linker V8.40.2.214/W32 for ARM                  29/Nov/2019  21:07:06
# Copyright 2007-2019 IAR Systems AB.
#
#    Output file  =
#        C:\Users\Omar Hazem\Downloads\lcd project\Debug\Exe\first no.out
#    Map file     =
#        C:\Users\Omar Hazem\Downloads\lcd project\Debug\List\first no.map
#    Command line =
#        -f C:\Users\OMARHA~1\AppData\Local\Temp\EWFD11.tmp ("C:\Users\Omar
#        Hazem\Downloads\lcd project\Debug\Obj\best_function.o" "C:\Users\Omar
#        Hazem\Downloads\lcd project\Debug\Obj\lcd.o" "C:\Users\Omar
#        Hazem\Downloads\lcd project\Debug\Obj\lcdTimer.o" "C:\Users\Omar
#        Hazem\Downloads\lcd project\Debug\Obj\main.o" "C:\Users\Omar
#        Hazem\Downloads\lcd project\Debug\Obj\systicDelay.o"
#        --no_out_extension -o "C:\Users\Omar Hazem\Downloads\lcd
#        project\Debug\Exe\first no.out" --redirect _Printf=_PrintfFullNoMb
#        --redirect _Scanf=_ScanfFullNoMb --map "C:\Users\Omar
#        Hazem\Downloads\lcd project\Debug\List\first no.map" --config
#        "E:\[FreeTutorials.Us] Udemy - Powerpoint 2013 2016 - Master
#        powerpoint
#        presentation\arm\config\linker\TexasInstruments\TM4C123GH6.icf"
#        --semihosting --entry __iar_program_start --vfe --text_out locale)
#
###############################################################################

*******************************************************************************
*** RUNTIME MODEL ATTRIBUTES
***

CppFlavor       = *
__SystemLibrary = DLib
__dlib_version  = 6


*******************************************************************************
*** HEAP SELECTION
***

The basic heap was selected because some modules are built with
size limitations (and not runtime checking), and --advanced_heap
was not specified.


*******************************************************************************
*** PLACEMENT SUMMARY
***

"A0":  place at address 0x0 { ro section .intvec };
"P1":  place in [from 0x0 to 0x3'ffff] { ro };
define block CSTACK with size = 4K, alignment = 8 { };
define block HEAP with size = 8K, alignment = 8 { };
"P2":  place in [from 0x2000'0000 to 0x2000'7fff] {
          rw, block CSTACK, block HEAP };

No sections matched the following patterns:

  rw  in "P2"


  Section   Kind         Address    Size  Object
  -------   ----         -------    ----  ------
"A0":                               0x40
  .intvec   ro code          0x0    0x40  vector_table_M.o [4]
                          - 0x40    0x40

"P1":                              0x990
  .text     ro code         0x40   0x304  lcd.o [1]
  .text     ro code        0x344    0x36  strlen.o [4]
  .text     ro code        0x37a     0x2  vector_table_M.o [4]
  .text     ro code        0x37c    0x58  systicDelay.o [1]
  .text     ro code        0x3d4   0x150  iar_Stoulx.o [2]
  .text     ro code        0x524   0x204  lcdTimer.o [1]
  .text     ro code        0x728    0x58  memchr.o [4]
  .text     ro code        0x780   0x104  best_function.o [1]
  .text     ro code        0x884    0x56  ABImemcpy_unaligned.o [4]
  .rodata   const          0x8dc    0x50  iar_Stoulx.o [2]
  .text     ro code        0x92c    0x22  fpinit_M.o [3]
  .text     ro code        0x950    0x1e  cmain.o [4]
  .text     ro code        0x96e     0x4  low_level_init.o [2]
  .text     ro code        0x972    0x16  main.o [1]
  .text     ro code        0x988     0x4  exit.o [2]
  .text     ro code        0x98c     0xa  cexit.o [4]
  .text     ro code        0x998    0x14  exit.o [5]
  .rodata   const          0x9ac    0x10  best_function.o [1]
  .text     ro code        0x9bc     0xc  cstartup_M.o [4]
  .rodata   const          0x9c8     0x4  best_function.o [1]
  .rodata   const          0x9cc     0x4  best_function.o [1]
                         - 0x9d0   0x990

"P2":                             0x1000
  CSTACK             0x2000'0000  0x1000  <Block>
    CSTACK  uninit   0x2000'0000  0x1000  <Block tail>
                   - 0x2000'1000  0x1000

Unused ranges:

         From           To      Size
         ----           --      ----
        0x9d0     0x3'ffff  0x3'f630
  0x2000'1000  0x2000'7fff    0x7000



*******************************************************************************
*** MODULE SUMMARY
***

    Module                 ro code  ro data  rw data
    ------                 -------  -------  -------
command line/config:
    ------------------------------------------------
    Total:

C:\Users\Omar Hazem\Downloads\lcd project\Debug\Obj: [1]
    best_function.o            260       24
    lcd.o                      772
    lcdTimer.o                 516
    main.o                      22
    systicDelay.o               88
    ------------------------------------------------
    Total:                   1'658       24

dl7M_tln.a: [2]
    exit.o                       4
    iar_Stoulx.o               336       80
    low_level_init.o             4
    ------------------------------------------------
    Total:                     344       80

m7M_tls.a: [3]
    fpinit_M.o                  34
    ------------------------------------------------
    Total:                      34

rt7M_tl.a: [4]
    ABImemcpy_unaligned.o       86
    cexit.o                     10
    cmain.o                     30
    cstartup_M.o                12
    memchr.o                    88
    strlen.o                    54
    vector_table_M.o            66
    ------------------------------------------------
    Total:                     346

shb_l.a: [5]
    exit.o                      20
    ------------------------------------------------
    Total:                      20

    Gaps                         4        2
    Linker created                             4'096
----------------------------------------------------
    Grand Total:             2'406      106    4'096


*******************************************************************************
*** ENTRY LIST
***

Entry                       Address   Size  Type      Object
-----                       -------   ----  ----      ------
?main                         0x951         Code  Gb  cmain.o [4]
CSTACK$$Base            0x2000'0000          --   Gb  - Linker created -
CSTACK$$Limit           0x2000'1000          --   Gb  - Linker created -
LCD_command                   0x12f   0x3e  Code  Gb  lcd.o [1]
LCD_data                      0x16d   0x30  Code  Gb  lcd.o [1]
LCD_start                     0x19d   0x5e  Code  Gb  lcd.o [1]
Region$$Table$$Base             0x0          --   Gb  - Linker created -
Region$$Table$$Limit            0x0          --   Gb  - Linker created -
__cmain                       0x951         Code  Gb  cmain.o [4]
__exit                        0x999   0x14  Code  Gb  exit.o [5]
__iar_Memchr                  0x729         Code  Gb  memchr.o [4]
__iar_Stoulx                  0x3d5  0x13e  Code  Gb  iar_Stoulx.o [2]
__iar_init_vfp                0x92d         Code  Gb  fpinit_M.o [3]
__iar_program_start           0x9bd         Code  Gb  cstartup_M.o [4]
__iar_unaligned_memcpy4
                              0x885         Code  Gb  ABImemcpy_unaligned.o [4]
__iar_unaligned_memcpy8
                              0x885         Code  Gb  ABImemcpy_unaligned.o [4]
__low_level_init              0x96f    0x4  Code  Gb  low_level_init.o [2]
__vector_table                  0x0         Data  Gb  vector_table_M.o [4]
_call_main                    0x95d         Code  Gb  cmain.o [4]
_exit                         0x98d         Code  Gb  cexit.o [4]
_main                         0x96b         Code  Gb  cmain.o [4]
atoi                          0x519    0x2  Code  Gb  iar_Stoulx.o [2]
concat                        0x1fb    0x8  Code  Gb  lcd.o [1]
delayMs                       0x37d   0x26  Code  Gb  systicDelay.o [1]
delayUs                       0x3a3   0x24  Code  Gb  systicDelay.o [1]
digits                        0x904   0x28  Data  Lc  iar_Stoulx.o [2]
exit                          0x989    0x4  Code  Gb  exit.o [2]
init                           0xad   0x82  Code  Gb  lcd.o [1]
initKeypad                    0x781   0x5e  Code  Gb  best_function.o [1]
itoa                           0x6f   0x3e  Code  Gb  lcd.o [1]
keypad_getkey                 0x7df   0x78  Code  Gb  best_function.o [1]
lcd_timer                     0x525  0x204  Code  Gb  lcdTimer.o [1]
main                          0x973   0x16  Code  Gb  main.o [1]
memchr                        0x729         Code  Gb  memchr.o [4]
ndigs                         0x8dc   0x28  Data  Lc  iar_Stoulx.o [2]
reverse                        0x41   0x2e  Code  Gb  lcd.o [1]
startcount                    0x203  0x100  Code  Gb  lcd.o [1]
strlen                        0x345         Code  Gb  strlen.o [4]


[1] = C:\Users\Omar Hazem\Downloads\lcd project\Debug\Obj
[2] = dl7M_tln.a
[3] = m7M_tls.a
[4] = rt7M_tl.a
[5] = shb_l.a

  2'406 bytes of readonly  code memory
    106 bytes of readonly  data memory
  4'096 bytes of readwrite data memory

Errors: none
Warnings: none
